// Jest Snapshot v1, https://goo.gl/fbAQLP

exports[`application 1`] = `
"<div class=\\"container m-3\\">
    <h1>Feedback</h1>
    <form class=\\"feedback-form\\">
        <div class=\\"form-group row\\">
            <label for=\\"inputEmail\\" class=\\"col-sm-2 col-form-label\\">Email</label>
            <div class=\\"col-sm-10\\">
                <input type=\\"email\\" class=\\"form-control\\" name=\\"email\\" id=\\"inputEmail\\">
            </div>
        </div>
        <div class=\\"form-group row\\">
            <label for=\\"inputName\\" class=\\"col-sm-2 col-form-label\\">Name</label>
            <div class=\\"col-sm-10\\">
                <input type=\\"text\\" name=\\"name\\" class=\\"form-control\\" id=\\"inputName\\">
            </div>
        </div>
        <div class=\\"form-group row\\">
            <label for=\\"inputComment\\" class=\\"col-sm-2 col-form-label\\">Comment</label>
            <div class=\\"col-sm-10\\">
                <textarea class=\\"form-control\\" name=\\"comment\\" id=\\"inputComment\\"></textarea>
            </div>
        </div>
        <div class=\\"form-group row\\">
            <div class=\\"col-sm-10\\">
                <button type=\\"submit\\" class=\\"btn btn-primary\\">Send</button>
            </div>
        </div>
    </form>
</div>"
`;

exports[`application 2`] = `
"<div class=\\"container m-3\\">
    <h1>Feedback</h1>
    <form class=\\"feedback-form\\">
        <div class=\\"form-group row\\">
            <label for=\\"inputEmail\\" class=\\"col-sm-2 col-form-label\\">Email</label>
            <div class=\\"col-sm-10\\">
                <input type=\\"email\\" class=\\"form-control\\" name=\\"email\\" id=\\"inputEmail\\">
            </div>
        </div>
        <div class=\\"form-group row\\">
            <label for=\\"inputName\\" class=\\"col-sm-2 col-form-label\\">Name</label>
            <div class=\\"col-sm-10\\">
                <input type=\\"text\\" name=\\"name\\" class=\\"form-control\\" id=\\"inputName\\">
            </div>
        </div>
        <div class=\\"form-group row\\">
            <label for=\\"inputComment\\" class=\\"col-sm-2 col-form-label\\">Comment</label>
            <div class=\\"col-sm-10\\">
                <textarea class=\\"form-control\\" name=\\"comment\\" id=\\"inputComment\\"></textarea>
            </div>
        </div>
        <div class=\\"form-group row\\">
            <div class=\\"col-sm-10\\">
                <button type=\\"submit\\" class=\\"btn btn-primary\\">Send</button>
            </div>
        </div>
    </form>
</div>"
`;

exports[`application 3`] = `
"<div class=\\"container m-3\\">
    <h1>Feedback</h1>
    <div>
        <p>Feedback has been sent</p>
        <div>Email: test@email.com</div>
        <div>Name: Matz</div>
        <div>Comment: Ruby ze best</div>
    </div>
</div>"
`;
