// Jest Snapshot v1, https://goo.gl/fbAQLP

exports[`application 1`] = `
"<div class=\\"container m-3\\">
    <div id=\\"carouselExampleControls\\" class=\\"carousel slide\\" data-ride=\\"carousel\\">
        <div class=\\"carousel-inner\\" role=\\"listbox\\">
            <div class=\\"carousel-item\\">
                <img class=\\"d-block img-fluid\\" src=\\"holder.js/1000x400?auto=yes&amp;bg=555&amp;fg=333&amp;text=First slide\\" alt=\\"First slide\\">
            </div>
            <div class=\\"carousel-item active\\">
                <img class=\\"d-block img-fluid\\" src=\\"holder.js/1000x400?auto=yes&amp;bg=555&amp;fg=333&amp;text=Second slide\\" alt=\\"Second slide\\">
            </div>
            <div class=\\"carousel-item\\">
                <img class=\\"d-block img-fluid\\" src=\\"holder.js/1000x400?auto=yes&amp;bg=555&amp;fg=333&amp;text=Third slide\\" alt=\\"Third slide\\">
            </div>
        </div>
        <a class=\\"carousel-control-prev\\" href=\\"#carouselExampleControls\\" role=\\"button\\" data-slide=\\"prev\\">
            <span class=\\"carousel-control-prev-icon\\" aria-hidden=\\"true\\"></span>
            <span class=\\"sr-only\\">Previous</span>
        </a>
        <a class=\\"carousel-control-next\\" href=\\"#carouselExampleControls\\" role=\\"button\\" data-slide=\\"next\\">
            <span class=\\"carousel-control-next-icon\\" aria-hidden=\\"true\\"></span>
            <span class=\\"sr-only\\">Next</span>
        </a>
    </div>
</div>"
`;

exports[`application 2`] = `
"<div class=\\"container m-3\\">
    <div id=\\"carouselExampleControls\\" class=\\"carousel slide\\" data-ride=\\"carousel\\">
        <div class=\\"carousel-inner\\" role=\\"listbox\\">
            <div class=\\"carousel-item active\\">
                <img class=\\"d-block img-fluid\\" src=\\"holder.js/1000x400?auto=yes&amp;bg=555&amp;fg=333&amp;text=First slide\\" alt=\\"First slide\\">
            </div>
            <div class=\\"carousel-item\\">
                <img class=\\"d-block img-fluid\\" src=\\"holder.js/1000x400?auto=yes&amp;bg=555&amp;fg=333&amp;text=Second slide\\" alt=\\"Second slide\\">
            </div>
            <div class=\\"carousel-item\\">
                <img class=\\"d-block img-fluid\\" src=\\"holder.js/1000x400?auto=yes&amp;bg=555&amp;fg=333&amp;text=Third slide\\" alt=\\"Third slide\\">
            </div>
        </div>
        <a class=\\"carousel-control-prev\\" href=\\"#carouselExampleControls\\" role=\\"button\\" data-slide=\\"prev\\">
            <span class=\\"carousel-control-prev-icon\\" aria-hidden=\\"true\\"></span>
            <span class=\\"sr-only\\">Previous</span>
        </a>
        <a class=\\"carousel-control-next\\" href=\\"#carouselExampleControls\\" role=\\"button\\" data-slide=\\"next\\">
            <span class=\\"carousel-control-next-icon\\" aria-hidden=\\"true\\"></span>
            <span class=\\"sr-only\\">Next</span>
        </a>
    </div>
</div>"
`;

exports[`application 3`] = `
"<div class=\\"container m-3\\">
    <div id=\\"carouselExampleControls\\" class=\\"carousel slide\\" data-ride=\\"carousel\\">
        <div class=\\"carousel-inner\\" role=\\"listbox\\">
            <div class=\\"carousel-item\\">
                <img class=\\"d-block img-fluid\\" src=\\"holder.js/1000x400?auto=yes&amp;bg=555&amp;fg=333&amp;text=First slide\\" alt=\\"First slide\\">
            </div>
            <div class=\\"carousel-item active\\">
                <img class=\\"d-block img-fluid\\" src=\\"holder.js/1000x400?auto=yes&amp;bg=555&amp;fg=333&amp;text=Second slide\\" alt=\\"Second slide\\">
            </div>
            <div class=\\"carousel-item\\">
                <img class=\\"d-block img-fluid\\" src=\\"holder.js/1000x400?auto=yes&amp;bg=555&amp;fg=333&amp;text=Third slide\\" alt=\\"Third slide\\">
            </div>
        </div>
        <a class=\\"carousel-control-prev\\" href=\\"#carouselExampleControls\\" role=\\"button\\" data-slide=\\"prev\\">
            <span class=\\"carousel-control-prev-icon\\" aria-hidden=\\"true\\"></span>
            <span class=\\"sr-only\\">Previous</span>
        </a>
        <a class=\\"carousel-control-next\\" href=\\"#carouselExampleControls\\" role=\\"button\\" data-slide=\\"next\\">
            <span class=\\"carousel-control-next-icon\\" aria-hidden=\\"true\\"></span>
            <span class=\\"sr-only\\">Next</span>
        </a>
    </div>
</div>"
`;

exports[`application 4`] = `
"<div class=\\"container m-3\\">
    <div id=\\"carouselExampleControls\\" class=\\"carousel slide\\" data-ride=\\"carousel\\">
        <div class=\\"carousel-inner\\" role=\\"listbox\\">
            <div class=\\"carousel-item\\">
                <img class=\\"d-block img-fluid\\" src=\\"holder.js/1000x400?auto=yes&amp;bg=555&amp;fg=333&amp;text=First slide\\" alt=\\"First slide\\">
            </div>
            <div class=\\"carousel-item\\">
                <img class=\\"d-block img-fluid\\" src=\\"holder.js/1000x400?auto=yes&amp;bg=555&amp;fg=333&amp;text=Second slide\\" alt=\\"Second slide\\">
            </div>
            <div class=\\"carousel-item active\\">
                <img class=\\"d-block img-fluid\\" src=\\"holder.js/1000x400?auto=yes&amp;bg=555&amp;fg=333&amp;text=Third slide\\" alt=\\"Third slide\\">
            </div>
        </div>
        <a class=\\"carousel-control-prev\\" href=\\"#carouselExampleControls\\" role=\\"button\\" data-slide=\\"prev\\">
            <span class=\\"carousel-control-prev-icon\\" aria-hidden=\\"true\\"></span>
            <span class=\\"sr-only\\">Previous</span>
        </a>
        <a class=\\"carousel-control-next\\" href=\\"#carouselExampleControls\\" role=\\"button\\" data-slide=\\"next\\">
            <span class=\\"carousel-control-next-icon\\" aria-hidden=\\"true\\"></span>
            <span class=\\"sr-only\\">Next</span>
        </a>
    </div>
</div>"
`;

exports[`application 5`] = `
"<div class=\\"container m-3\\">
    <div id=\\"carouselExampleControls\\" class=\\"carousel slide\\" data-ride=\\"carousel\\">
        <div class=\\"carousel-inner\\" role=\\"listbox\\">
            <div class=\\"carousel-item active\\">
                <img class=\\"d-block img-fluid\\" src=\\"holder.js/1000x400?auto=yes&amp;bg=555&amp;fg=333&amp;text=First slide\\" alt=\\"First slide\\">
            </div>
            <div class=\\"carousel-item\\">
                <img class=\\"d-block img-fluid\\" src=\\"holder.js/1000x400?auto=yes&amp;bg=555&amp;fg=333&amp;text=Second slide\\" alt=\\"Second slide\\">
            </div>
            <div class=\\"carousel-item\\">
                <img class=\\"d-block img-fluid\\" src=\\"holder.js/1000x400?auto=yes&amp;bg=555&amp;fg=333&amp;text=Third slide\\" alt=\\"Third slide\\">
            </div>
        </div>
        <a class=\\"carousel-control-prev\\" href=\\"#carouselExampleControls\\" role=\\"button\\" data-slide=\\"prev\\">
            <span class=\\"carousel-control-prev-icon\\" aria-hidden=\\"true\\"></span>
            <span class=\\"sr-only\\">Previous</span>
        </a>
        <a class=\\"carousel-control-next\\" href=\\"#carouselExampleControls\\" role=\\"button\\" data-slide=\\"next\\">
            <span class=\\"carousel-control-next-icon\\" aria-hidden=\\"true\\"></span>
            <span class=\\"sr-only\\">Next</span>
        </a>
    </div>
</div>"
`;

exports[`application 6`] = `
"<div class=\\"container m-3\\">
    <div id=\\"carouselExampleControls\\" class=\\"carousel slide\\" data-ride=\\"carousel\\">
        <div class=\\"carousel-inner\\" role=\\"listbox\\">
            <div class=\\"carousel-item\\">
                <img class=\\"d-block img-fluid\\" src=\\"holder.js/1000x400?auto=yes&amp;bg=555&amp;fg=333&amp;text=First slide\\" alt=\\"First slide\\">
            </div>
            <div class=\\"carousel-item active\\">
                <img class=\\"d-block img-fluid\\" src=\\"holder.js/1000x400?auto=yes&amp;bg=555&amp;fg=333&amp;text=Second slide\\" alt=\\"Second slide\\">
            </div>
            <div class=\\"carousel-item\\">
                <img class=\\"d-block img-fluid\\" src=\\"holder.js/1000x400?auto=yes&amp;bg=555&amp;fg=333&amp;text=Third slide\\" alt=\\"Third slide\\">
            </div>
        </div>
        <a class=\\"carousel-control-prev\\" href=\\"#carouselExampleControls\\" role=\\"button\\" data-slide=\\"prev\\">
            <span class=\\"carousel-control-prev-icon\\" aria-hidden=\\"true\\"></span>
            <span class=\\"sr-only\\">Previous</span>
        </a>
        <a class=\\"carousel-control-next\\" href=\\"#carouselExampleControls\\" role=\\"button\\" data-slide=\\"next\\">
            <span class=\\"carousel-control-next-icon\\" aria-hidden=\\"true\\"></span>
            <span class=\\"sr-only\\">Next</span>
        </a>
    </div>
</div>"
`;

exports[`application 7`] = `
"<div class=\\"container m-3\\">
    <div id=\\"carouselExampleControls\\" class=\\"carousel slide\\" data-ride=\\"carousel\\">
        <div class=\\"carousel-inner\\" role=\\"listbox\\">
            <div class=\\"carousel-item active\\">
                <img class=\\"d-block img-fluid\\" src=\\"holder.js/1000x400?auto=yes&amp;bg=555&amp;fg=333&amp;text=First slide\\" alt=\\"First slide\\">
            </div>
            <div class=\\"carousel-item\\">
                <img class=\\"d-block img-fluid\\" src=\\"holder.js/1000x400?auto=yes&amp;bg=555&amp;fg=333&amp;text=Second slide\\" alt=\\"Second slide\\">
            </div>
            <div class=\\"carousel-item\\">
                <img class=\\"d-block img-fluid\\" src=\\"holder.js/1000x400?auto=yes&amp;bg=555&amp;fg=333&amp;text=Third slide\\" alt=\\"Third slide\\">
            </div>
        </div>
        <a class=\\"carousel-control-prev\\" href=\\"#carouselExampleControls\\" role=\\"button\\" data-slide=\\"prev\\">
            <span class=\\"carousel-control-prev-icon\\" aria-hidden=\\"true\\"></span>
            <span class=\\"sr-only\\">Previous</span>
        </a>
        <a class=\\"carousel-control-next\\" href=\\"#carouselExampleControls\\" role=\\"button\\" data-slide=\\"next\\">
            <span class=\\"carousel-control-next-icon\\" aria-hidden=\\"true\\"></span>
            <span class=\\"sr-only\\">Next</span>
        </a>
    </div>
</div>"
`;

exports[`application 8`] = `
"<div class=\\"container m-3\\">
    <div id=\\"carouselExampleControls\\" class=\\"carousel slide\\" data-ride=\\"carousel\\">
        <div class=\\"carousel-inner\\" role=\\"listbox\\">
            <div class=\\"carousel-item\\">
                <img class=\\"d-block img-fluid\\" src=\\"holder.js/1000x400?auto=yes&amp;bg=555&amp;fg=333&amp;text=First slide\\" alt=\\"First slide\\">
            </div>
            <div class=\\"carousel-item\\">
                <img class=\\"d-block img-fluid\\" src=\\"holder.js/1000x400?auto=yes&amp;bg=555&amp;fg=333&amp;text=Second slide\\" alt=\\"Second slide\\">
            </div>
            <div class=\\"carousel-item active\\">
                <img class=\\"d-block img-fluid\\" src=\\"holder.js/1000x400?auto=yes&amp;bg=555&amp;fg=333&amp;text=Third slide\\" alt=\\"Third slide\\">
            </div>
        </div>
        <a class=\\"carousel-control-prev\\" href=\\"#carouselExampleControls\\" role=\\"button\\" data-slide=\\"prev\\">
            <span class=\\"carousel-control-prev-icon\\" aria-hidden=\\"true\\"></span>
            <span class=\\"sr-only\\">Previous</span>
        </a>
        <a class=\\"carousel-control-next\\" href=\\"#carouselExampleControls\\" role=\\"button\\" data-slide=\\"next\\">
            <span class=\\"carousel-control-next-icon\\" aria-hidden=\\"true\\"></span>
            <span class=\\"sr-only\\">Next</span>
        </a>
    </div>
</div>"
`;
