// Jest Snapshot v1, https://goo.gl/fbAQLP

exports[`application 1`] = `
"<progress value=\\"0\\" max=\\"100\\"></progress>
"
`;

exports[`application 2`] = `
"<progress value=\\"1\\" max=\\"100\\"></progress>
"
`;

exports[`application 3`] = `
"<progress value=\\"2\\" max=\\"100\\"></progress>
"
`;

exports[`application 4`] = `
"<progress value=\\"3\\" max=\\"100\\"></progress>
"
`;

exports[`application 5`] = `
"<progress value=\\"4\\" max=\\"100\\"></progress>
"
`;

exports[`application 6`] = `
"<progress value=\\"5\\" max=\\"100\\"></progress>
"
`;

exports[`application 7`] = `
"<progress value=\\"6\\" max=\\"100\\"></progress>
"
`;

exports[`application 8`] = `
"<progress value=\\"7\\" max=\\"100\\"></progress>
"
`;

exports[`application 9`] = `
"<progress value=\\"8\\" max=\\"100\\"></progress>
"
`;

exports[`application 10`] = `
"<progress value=\\"9\\" max=\\"100\\"></progress>
"
`;

exports[`application 11`] = `
"<progress value=\\"10\\" max=\\"100\\"></progress>
"
`;

exports[`application 12`] = `
"<progress value=\\"11\\" max=\\"100\\"></progress>
"
`;

exports[`application 13`] = `
"<progress value=\\"12\\" max=\\"100\\"></progress>
"
`;

exports[`application 14`] = `
"<progress value=\\"13\\" max=\\"100\\"></progress>
"
`;

exports[`application 15`] = `
"<progress value=\\"14\\" max=\\"100\\"></progress>
"
`;

exports[`application 16`] = `
"<progress value=\\"15\\" max=\\"100\\"></progress>
"
`;

exports[`application 17`] = `
"<progress value=\\"16\\" max=\\"100\\"></progress>
"
`;

exports[`application 18`] = `
"<progress value=\\"17\\" max=\\"100\\"></progress>
"
`;

exports[`application 19`] = `
"<progress value=\\"18\\" max=\\"100\\"></progress>
"
`;

exports[`application 20`] = `
"<progress value=\\"19\\" max=\\"100\\"></progress>
"
`;

exports[`application 21`] = `
"<progress value=\\"20\\" max=\\"100\\"></progress>
"
`;

exports[`application 22`] = `
"<progress value=\\"21\\" max=\\"100\\"></progress>
"
`;

exports[`application 23`] = `
"<progress value=\\"22\\" max=\\"100\\"></progress>
"
`;

exports[`application 24`] = `
"<progress value=\\"23\\" max=\\"100\\"></progress>
"
`;

exports[`application 25`] = `
"<progress value=\\"24\\" max=\\"100\\"></progress>
"
`;

exports[`application 26`] = `
"<progress value=\\"25\\" max=\\"100\\"></progress>
"
`;

exports[`application 27`] = `
"<progress value=\\"26\\" max=\\"100\\"></progress>
"
`;

exports[`application 28`] = `
"<progress value=\\"27\\" max=\\"100\\"></progress>
"
`;

exports[`application 29`] = `
"<progress value=\\"28\\" max=\\"100\\"></progress>
"
`;

exports[`application 30`] = `
"<progress value=\\"29\\" max=\\"100\\"></progress>
"
`;

exports[`application 31`] = `
"<progress value=\\"30\\" max=\\"100\\"></progress>
"
`;

exports[`application 32`] = `
"<progress value=\\"31\\" max=\\"100\\"></progress>
"
`;

exports[`application 33`] = `
"<progress value=\\"32\\" max=\\"100\\"></progress>
"
`;

exports[`application 34`] = `
"<progress value=\\"33\\" max=\\"100\\"></progress>
"
`;

exports[`application 35`] = `
"<progress value=\\"34\\" max=\\"100\\"></progress>
"
`;

exports[`application 36`] = `
"<progress value=\\"35\\" max=\\"100\\"></progress>
"
`;

exports[`application 37`] = `
"<progress value=\\"36\\" max=\\"100\\"></progress>
"
`;

exports[`application 38`] = `
"<progress value=\\"37\\" max=\\"100\\"></progress>
"
`;

exports[`application 39`] = `
"<progress value=\\"38\\" max=\\"100\\"></progress>
"
`;

exports[`application 40`] = `
"<progress value=\\"39\\" max=\\"100\\"></progress>
"
`;

exports[`application 41`] = `
"<progress value=\\"40\\" max=\\"100\\"></progress>
"
`;

exports[`application 42`] = `
"<progress value=\\"41\\" max=\\"100\\"></progress>
"
`;

exports[`application 43`] = `
"<progress value=\\"42\\" max=\\"100\\"></progress>
"
`;

exports[`application 44`] = `
"<progress value=\\"43\\" max=\\"100\\"></progress>
"
`;

exports[`application 45`] = `
"<progress value=\\"44\\" max=\\"100\\"></progress>
"
`;

exports[`application 46`] = `
"<progress value=\\"45\\" max=\\"100\\"></progress>
"
`;

exports[`application 47`] = `
"<progress value=\\"46\\" max=\\"100\\"></progress>
"
`;

exports[`application 48`] = `
"<progress value=\\"47\\" max=\\"100\\"></progress>
"
`;

exports[`application 49`] = `
"<progress value=\\"48\\" max=\\"100\\"></progress>
"
`;

exports[`application 50`] = `
"<progress value=\\"49\\" max=\\"100\\"></progress>
"
`;

exports[`application 51`] = `
"<progress value=\\"50\\" max=\\"100\\"></progress>
"
`;

exports[`application 52`] = `
"<progress value=\\"51\\" max=\\"100\\"></progress>
"
`;

exports[`application 53`] = `
"<progress value=\\"52\\" max=\\"100\\"></progress>
"
`;

exports[`application 54`] = `
"<progress value=\\"53\\" max=\\"100\\"></progress>
"
`;

exports[`application 55`] = `
"<progress value=\\"54\\" max=\\"100\\"></progress>
"
`;

exports[`application 56`] = `
"<progress value=\\"55\\" max=\\"100\\"></progress>
"
`;

exports[`application 57`] = `
"<progress value=\\"56\\" max=\\"100\\"></progress>
"
`;

exports[`application 58`] = `
"<progress value=\\"57\\" max=\\"100\\"></progress>
"
`;

exports[`application 59`] = `
"<progress value=\\"58\\" max=\\"100\\"></progress>
"
`;

exports[`application 60`] = `
"<progress value=\\"59\\" max=\\"100\\"></progress>
"
`;

exports[`application 61`] = `
"<progress value=\\"60\\" max=\\"100\\"></progress>
"
`;

exports[`application 62`] = `
"<progress value=\\"61\\" max=\\"100\\"></progress>
"
`;

exports[`application 63`] = `
"<progress value=\\"62\\" max=\\"100\\"></progress>
"
`;

exports[`application 64`] = `
"<progress value=\\"63\\" max=\\"100\\"></progress>
"
`;

exports[`application 65`] = `
"<progress value=\\"64\\" max=\\"100\\"></progress>
"
`;

exports[`application 66`] = `
"<progress value=\\"65\\" max=\\"100\\"></progress>
"
`;

exports[`application 67`] = `
"<progress value=\\"66\\" max=\\"100\\"></progress>
"
`;

exports[`application 68`] = `
"<progress value=\\"67\\" max=\\"100\\"></progress>
"
`;

exports[`application 69`] = `
"<progress value=\\"68\\" max=\\"100\\"></progress>
"
`;

exports[`application 70`] = `
"<progress value=\\"69\\" max=\\"100\\"></progress>
"
`;

exports[`application 71`] = `
"<progress value=\\"70\\" max=\\"100\\"></progress>
"
`;

exports[`application 72`] = `
"<progress value=\\"71\\" max=\\"100\\"></progress>
"
`;

exports[`application 73`] = `
"<progress value=\\"72\\" max=\\"100\\"></progress>
"
`;

exports[`application 74`] = `
"<progress value=\\"73\\" max=\\"100\\"></progress>
"
`;

exports[`application 75`] = `
"<progress value=\\"74\\" max=\\"100\\"></progress>
"
`;

exports[`application 76`] = `
"<progress value=\\"75\\" max=\\"100\\"></progress>
"
`;

exports[`application 77`] = `
"<progress value=\\"76\\" max=\\"100\\"></progress>
"
`;

exports[`application 78`] = `
"<progress value=\\"77\\" max=\\"100\\"></progress>
"
`;

exports[`application 79`] = `
"<progress value=\\"78\\" max=\\"100\\"></progress>
"
`;

exports[`application 80`] = `
"<progress value=\\"79\\" max=\\"100\\"></progress>
"
`;

exports[`application 81`] = `
"<progress value=\\"80\\" max=\\"100\\"></progress>
"
`;

exports[`application 82`] = `
"<progress value=\\"81\\" max=\\"100\\"></progress>
"
`;

exports[`application 83`] = `
"<progress value=\\"82\\" max=\\"100\\"></progress>
"
`;

exports[`application 84`] = `
"<progress value=\\"83\\" max=\\"100\\"></progress>
"
`;

exports[`application 85`] = `
"<progress value=\\"84\\" max=\\"100\\"></progress>
"
`;

exports[`application 86`] = `
"<progress value=\\"85\\" max=\\"100\\"></progress>
"
`;

exports[`application 87`] = `
"<progress value=\\"86\\" max=\\"100\\"></progress>
"
`;

exports[`application 88`] = `
"<progress value=\\"87\\" max=\\"100\\"></progress>
"
`;

exports[`application 89`] = `
"<progress value=\\"88\\" max=\\"100\\"></progress>
"
`;

exports[`application 90`] = `
"<progress value=\\"89\\" max=\\"100\\"></progress>
"
`;

exports[`application 91`] = `
"<progress value=\\"90\\" max=\\"100\\"></progress>
"
`;

exports[`application 92`] = `
"<progress value=\\"91\\" max=\\"100\\"></progress>
"
`;

exports[`application 93`] = `
"<progress value=\\"92\\" max=\\"100\\"></progress>
"
`;

exports[`application 94`] = `
"<progress value=\\"93\\" max=\\"100\\"></progress>
"
`;

exports[`application 95`] = `
"<progress value=\\"94\\" max=\\"100\\"></progress>
"
`;

exports[`application 96`] = `
"<progress value=\\"95\\" max=\\"100\\"></progress>
"
`;

exports[`application 97`] = `
"<progress value=\\"96\\" max=\\"100\\"></progress>
"
`;

exports[`application 98`] = `
"<progress value=\\"97\\" max=\\"100\\"></progress>
"
`;

exports[`application 99`] = `
"<progress value=\\"98\\" max=\\"100\\"></progress>
"
`;

exports[`application 100`] = `
"<progress value=\\"99\\" max=\\"100\\"></progress>
"
`;

exports[`application 101`] = `
"<progress value=\\"100\\" max=\\"100\\"></progress>
"
`;

exports[`application 102`] = `
"<progress value=\\"100\\" max=\\"100\\"></progress>
"
`;

exports[`application 103`] = `
"<progress value=\\"100\\" max=\\"100\\"></progress>
"
`;

exports[`application 104`] = `
"<progress value=\\"100\\" max=\\"100\\"></progress>
"
`;

exports[`application 105`] = `
"<progress value=\\"100\\" max=\\"100\\"></progress>
"
`;

exports[`application 106`] = `
"<progress value=\\"100\\" max=\\"100\\"></progress>
"
`;
